\BOOKMARK [1][-]{section.1}{\376\377\006\063\006\110\006\047\006\104\000\040\0001}{}% 1
\BOOKMARK [2][-]{subsection.1.1}{\376\377\006\065\006\110\006\061\006\052\000\040\006\105\006\063\006\046\006\104\006\107\000\040\006\110\000\040\006\052\006\071\006\061\006\314\006\101\000\040\006\064\006\050\006\251\006\107}{section.1}% 2
\BOOKMARK [2][-]{subsection.1.2}{\376\377\006\105\006\064\006\052\006\102\040\014\006\257\006\314\006\061\006\314\000\040\006\050\006\061\006\047\006\314\000\040\006\052\006\047\006\050\006\071\000\040\006\107\006\062\006\314\006\106\006\107\006\124\000\040\000M\000S\000E}{section.1}% 3
\BOOKMARK [3][-]{subsubsection.1.2.1}{\376\377\006\105\006\064\006\052\006\102\000\040\006\106\006\063\006\050\006\052\000\040\006\050\006\107\000\040\006\056\006\061\006\110\006\054\006\314\000\040\006\064\006\050\006\251\006\107}{subsection.1.2}% 4
\BOOKMARK [3][-]{subsubsection.1.2.2}{\376\377\006\257\006\061\006\047\006\057\006\314\006\047\006\106\040\014\006\107\006\047\006\314\000\040\006\104\006\047\006\314\006\107\006\124\000\040\006\056\006\061\006\110\006\054\006\314}{subsection.1.2}% 5
\BOOKMARK [3][-]{subsubsection.1.2.3}{\376\377\006\257\006\061\006\047\006\057\006\314\006\047\006\106\040\014\006\107\006\047\006\314\000\040\006\104\006\047\006\314\006\107\006\124\000\040\006\176\006\106\006\107\006\047\006\106}{subsection.1.2}% 6
\BOOKMARK [3][-]{subsubsection.1.2.4}{\376\377\006\257\006\061\006\047\006\057\006\314\006\047\006\106\040\014\006\107\006\047\006\314\000\040\006\104\006\047\006\314\006\107\006\124\000\040\006\047\006\110\006\104}{subsection.1.2}% 7
\BOOKMARK [3][-]{subsubsection.1.2.5}{\376\377\006\054\006\105\006\071\040\014\006\050\006\106\006\057\006\314\000\040\006\055\006\047\006\104\006\052\000\040\000M\000S\000E}{subsection.1.2}% 8
\BOOKMARK [2][-]{subsection.1.3}{\376\377\006\105\006\064\006\052\006\102\040\014\006\257\006\314\006\061\006\314\000\040\006\050\006\061\006\047\006\314\000\040\006\052\006\047\006\050\006\071\000\040\006\107\006\062\006\314\006\106\006\107\006\124\000\040\000B\000i\000n\000a\000r\000y\000\040\000C\000r\000o\000s\000s\000-\000E\000n\000t\000r\000o\000p\000y}{section.1}% 9
\BOOKMARK [3][-]{subsubsection.1.3.1}{\376\377\006\105\006\064\006\052\006\102\000\040\006\106\006\063\006\050\006\052\000\040\006\050\006\107\000\040\006\056\006\061\006\110\006\054\006\314\000\040\006\064\006\050\006\251\006\107}{subsection.1.3}% 10
\BOOKMARK [3][-]{subsubsection.1.3.2}{\376\377\006\257\006\061\006\047\006\057\006\314\006\047\006\106\040\014\006\107\006\047\006\314\000\040\006\104\006\047\006\314\006\107\006\124\000\040\006\056\006\061\006\110\006\054\006\314}{subsection.1.3}% 11
\BOOKMARK [3][-]{subsubsection.1.3.3}{\376\377\006\257\006\061\006\047\006\057\006\314\006\047\006\106\040\014\006\107\006\047\006\314\000\040\006\104\006\047\006\314\006\107\006\124\000\040\006\176\006\106\006\107\006\047\006\106}{subsection.1.3}% 12
\BOOKMARK [3][-]{subsubsection.1.3.4}{\376\377\006\054\006\105\006\071\040\014\006\050\006\106\006\057\006\314\000\040\006\055\006\047\006\104\006\052\000\040\000B\000C\000E}{subsection.1.3}% 13
\BOOKMARK [2][-]{subsection.1.4}{\376\377\006\105\006\102\006\047\006\314\006\063\006\107\006\124\000\040\006\106\006\107\006\047\006\314\006\314\000\040\000M\000S\000E\000\040\006\110\000\040\000B\000C\000E}{section.1}% 14
\BOOKMARK [2][-]{subsection.1.5}{\376\377\006\176\006\047\006\063\006\056\000\040\006\106\006\107\006\047\006\314\006\314}{section.1}% 15
\BOOKMARK [1][-]{section.2}{\376\377\006\063\006\110\006\047\006\104\000\040\0002}{}% 16
\BOOKMARK [2][-]{subsection.2.1}{\376\377\006\065\006\110\006\061\006\052\000\040\006\105\006\063\006\046\006\104\006\107\000\040\006\110\000\040\006\052\006\071\006\061\006\314\006\101\000\040\006\064\006\050\006\251\006\107}{section.2}% 17
\BOOKMARK [2][-]{subsection.2.2}{\376\377\006\050\006\056\006\064\000\040\006\047\006\104\006\101\000:\000\040\006\105\006\055\006\047\006\063\006\050\006\107\006\124\000\040\006\050\006\314\006\064\006\314\006\106\006\107\006\124\000\040\006\105\006\064\006\052\006\102\000\040\006\052\006\047\006\050\006\071\000\040\006\063\006\314\006\257\006\105\006\110\006\314\006\057}{section.2}% 18
\BOOKMARK [3][-]{subsubsection.2.2.1}{\376\377\006\105\006\055\006\047\006\063\006\050\006\107\006\124\000\040\006\105\006\064\006\052\006\102\000\040\006\063\006\314\006\257\006\105\006\110\006\314\006\057}{subsection.2.2}% 19
\BOOKMARK [2][-]{subsection.2.3}{\376\377\006\050\006\056\006\064\000\040\006\050\000:\000\040\006\050\006\061\006\061\006\063\006\314\000\040\006\063\006\314\006\257\006\106\006\047\006\104\000\040\006\056\006\067\006\047\000\040\006\110\000\040\006\047\006\053\006\050\006\047\006\052\000\040\006\105\006\055\006\110\000\040\006\064\006\057\006\106\000\040\006\257\006\061\006\047\006\057\006\314\006\047\006\106}{section.2}% 20
\BOOKMARK [3][-]{subsubsection.2.3.1}{\376\377\006\061\006\047\006\050\006\067\006\107\006\124\000\040\006\050\006\047\006\062\006\257\006\064\006\052\006\314\000\040\006\063\006\314\006\257\006\106\006\047\006\104\000\040\006\056\006\067\006\047}{subsection.2.3}% 21
\BOOKMARK [3][-]{subsubsection.2.3.2}{\376\377\006\110\006\047\006\050\006\063\006\052\006\257\006\314\000\040\006\056\006\067\006\047\000\040\006\050\006\107\000\040\006\055\006\047\006\065\006\104\040\014\006\066\006\061\006\050\000\040\006\105\006\064\006\052\006\102\006\047\006\052}{subsection.2.3}% 22
\BOOKMARK [3][-]{subsubsection.2.3.3}{\376\377\006\101\006\061\006\066\000\040\006\106\006\061\006\105\006\047\006\104\000\040\006\050\006\110\006\057\006\106\000\040\006\110\006\062\006\106\040\014\006\107\006\047}{subsection.2.3}% 23
\BOOKMARK [3][-]{subsubsection.2.3.4}{\376\377\006\047\006\053\006\050\006\047\006\052\000\040\006\106\006\047\006\105\006\063\006\047\006\110\006\314\000\040\006\050\006\061\006\047\006\314\000\040\006\104\006\047\006\314\006\107\006\124\000\040\006\047\006\110\006\104}{subsection.2.3}% 24
\BOOKMARK [2][-]{subsection.2.4}{\376\377\006\050\006\056\006\064\000\040\006\054\000:\000\040\006\052\006\055\006\104\006\314\006\104\000\040\006\047\006\053\006\061\000\040\006\047\006\101\006\062\006\047\006\314\006\064\000\040\006\052\006\071\006\057\006\047\006\057\000\040\006\104\006\047\006\314\006\107\040\014\006\107\006\047\000\040\006\050\006\061\000\040\006\063\006\061\006\071\006\052\000\040\006\314\006\047\006\057\006\257\006\314\006\061\006\314}{section.2}% 25
\BOOKMARK [3][-]{subsubsection.2.4.1}{\376\377\006\047\006\053\006\061\000\040\006\061\006\110\006\314\000\040\006\050\006\107\040\014\006\061\006\110\006\062\006\061\006\063\006\047\006\106\006\314\000\040\006\110\006\062\006\106\040\014\006\107\006\047}{subsection.2.4}% 26
\BOOKMARK [2][-]{subsection.2.5}{\376\377\006\054\006\105\006\071\040\014\006\050\006\106\006\057\006\314\000\040\006\106\006\107\006\047\006\314\006\314\000\040\006\063\006\110\006\047\006\104\000\040\0002}{section.2}% 27
\BOOKMARK [1][-]{section.3}{\376\377\006\063\006\110\006\047\006\104\000\040\0003}{}% 28
\BOOKMARK [2][-]{subsection.3.1}{\376\377\006\065\006\110\006\061\006\052\000\040\006\105\006\063\006\046\006\104\006\107\000\040\006\110\000\040\006\105\006\101\006\107\006\110\006\105\000\040\006\102\006\066\006\314\006\107\000\040\006\052\006\102\006\061\006\314\006\050\000\040\006\071\006\105\006\110\006\105\006\314}{section.3}% 29
\BOOKMARK [2][-]{subsection.3.2}{\376\377\006\050\006\056\006\064\000\040\006\047\006\104\006\101\000:\000\040\006\206\006\061\006\047\000\040\006\050\006\107\040\014\006\054\006\047\006\314\000\040\006\064\006\050\006\251\006\107\040\014\006\107\006\047\006\314\000\040\006\050\006\063\006\314\006\047\006\061\000\040\006\071\006\061\006\314\006\066\006\014\000\040\006\047\006\062\000\040\006\064\006\050\006\251\006\107\040\014\006\107\006\047\006\314\000\040\006\071\006\105\006\314\006\102\000\040\006\047\006\063\006\052\006\101\006\047\006\057\006\107\000\040\006\105\006\314\040\014\006\251\006\106\006\314\006\105\006\037}{section.3}% 30
\BOOKMARK [3][-]{subsubsection.3.2.1}{\376\377\0001\000.\000\040\006\052\006\101\006\047\006\110\006\052\000\040\006\050\006\314\006\106\000\040\006\052\006\110\006\047\006\106\006\047\006\314\006\314\000\040\006\110\006\054\006\110\006\057\006\314\000\040\006\110\000\040\006\251\006\047\006\061\006\047\006\314\006\314\000\040\006\071\006\105\006\104\006\314}{subsection.3.2}% 31
\BOOKMARK [3][-]{subsubsection.3.2.2}{\376\377\0002\000.\000\040\006\050\006\314\006\047\006\106\040\014\006\176\006\060\006\314\006\061\006\314\000\040\006\050\006\107\006\052\006\061\000\040\006\064\006\050\006\251\006\107\040\014\006\107\006\047\006\314\000\040\006\071\006\105\006\314\006\102}{subsection.3.2}% 32
\BOOKMARK [3][-]{subsubsection.3.2.3}{\376\377\0003\000.\000\040\006\251\006\047\006\107\006\064\000\040\006\052\006\071\006\057\006\047\006\057\000\040\006\176\006\047\006\061\006\047\006\105\006\052\006\061\006\107\006\047}{subsection.3.2}% 33
\BOOKMARK [3][-]{subsubsection.3.2.4}{\376\377\0004\000.\000\040\006\314\006\047\006\057\006\257\006\314\006\061\006\314\000\040\006\110\006\314\006\230\006\257\006\314\040\014\006\107\006\047\000\040\006\050\006\107\040\014\006\065\006\110\006\061\006\052\000\040\006\063\006\104\006\063\006\104\006\107\040\014\006\105\006\061\006\047\006\052\006\050\006\314}{subsection.3.2}% 34
\BOOKMARK [3][-]{subsubsection.3.2.5}{\376\377\0005\000.\000\040\006\063\006\107\006\110\006\104\006\052\000\040\006\314\006\047\006\057\006\257\006\314\006\061\006\314\000\040\006\110\000\040\006\052\006\071\006\105\006\314\006\105\000\040\006\050\006\107\006\052\006\061}{subsection.3.2}% 35
\BOOKMARK [3][-]{subsubsection.3.2.6}{\376\377\006\054\006\105\006\071\040\014\006\050\006\106\006\057\006\314\000\040\006\050\006\056\006\064\000\040\006\047\006\104\006\101}{subsection.3.2}% 36
\BOOKMARK [2][-]{subsection.3.3}{\376\377\006\050\006\056\006\064\000\040\006\050\000:\000\040\006\105\006\053\006\047\006\104\006\314\000\040\006\047\006\062\000\040\006\052\006\047\006\050\006\071\006\314\000\040\006\251\006\107\000\040\006\064\006\050\006\251\006\107\006\124\000\040\006\052\006\251\040\014\006\104\006\047\006\314\006\107\000\040\006\050\006\061\006\047\006\314\000\040\006\106\006\105\006\047\006\314\006\064\000\040\006\042\006\106\000\040\006\050\006\107\000\040\006\052\006\071\006\057\006\047\006\057\000\040\006\106\006\105\006\047\006\314\006\314\000\040\006\106\006\110\006\061\006\110\006\106\000\040\006\106\006\314\006\047\006\062\000\040\006\057\006\047\006\061\006\057}{section.3}% 37
\BOOKMARK [3][-]{subsubsection.3.3.1}{\376\377\006\105\006\053\006\047\006\104\000\040\006\047\006\110\006\104\000:\000\040\006\052\006\047\006\050\006\071\000\040\006\066\006\061\006\050\000\040\006\063\006\104\006\063\006\104\006\107\040\014\006\105\006\061\006\047\006\052\006\050\006\314}{subsection.3.3}% 38
\BOOKMARK [3][-]{subsubsection.3.3.2}{\376\377\006\106\006\105\006\047\006\314\006\064\000\040\006\052\006\047\006\050\006\071\000\040\006\066\006\061\006\050\000\040\006\050\006\047\000\040\006\064\006\050\006\251\006\107\006\124\000\040\006\071\006\105\006\314\006\102}{subsection.3.3}% 39
\BOOKMARK [3][-]{subsubsection.3.3.3}{\376\377\006\105\006\053\006\047\006\104\000\040\006\057\006\110\006\105\000:\000\040\006\052\006\047\006\050\006\071\000\040\006\052\006\061\006\251\006\314\006\050\006\314\000\040\006\063\006\104\006\063\006\104\006\107\040\014\006\105\006\061\006\047\006\052\006\050\006\314}{subsection.3.3}% 40
\BOOKMARK [3][-]{subsubsection.3.3.4}{\376\377\006\052\006\101\006\047\006\110\006\052\000\040\006\061\006\064\006\057\000\040\006\206\006\106\006\057\006\054\006\105\006\104\006\107\040\014\006\047\006\314\000\040\006\110\000\040\006\106\006\105\006\047\006\314\006\314}{subsection.3.3}% 41
\BOOKMARK [2][-]{subsection.3.4}{\376\377\006\052\006\055\006\104\006\314\006\104\000\040\006\047\006\061\006\052\006\050\006\047\006\067\000\040\006\050\006\047\000\040\006\102\006\066\006\314\006\107\000\040\006\052\006\102\006\061\006\314\006\050\000\040\006\071\006\105\006\110\006\105\006\314}{section.3}% 42
\BOOKMARK [2][-]{subsection.3.5}{\376\377\006\054\006\105\006\071\040\014\006\050\006\106\006\057\006\314\000\040\006\106\006\107\006\047\006\314\006\314\000\040\006\063\006\110\006\047\006\104\000\040\0003}{section.3}% 43
\BOOKMARK [1][-]{section.4}{\376\377\006\063\006\110\006\047\006\104\000\040\0004}{}% 44
\BOOKMARK [2][-]{subsection.4.1}{\376\377\006\050\006\056\006\064\000\040\006\047\006\104\006\101\000:\000\040\006\047\006\104\006\257\006\110\006\061\006\314\006\052\006\105\000\040\000M\000o\000m\000e\000n\000t\000u\000m}{section.4}% 45
\BOOKMARK [3][-]{subsubsection.4.1.1}{\376\377\006\052\006\101\006\063\006\314\006\061\000\040\006\050\006\061\006\057\006\047\006\061\000\040\006\063\006\061\006\071\006\052}{subsection.4.1}% 46
\BOOKMARK [3][-]{subsubsection.4.1.2}{\376\377\006\047\006\053\006\061\000\040\000M\000o\000m\000e\000n\000t\000u\000m\000\040\006\057\006\061\000\040\006\061\006\047\006\063\006\052\006\047\006\314\000\040\006\257\006\061\006\047\006\057\006\314\006\047\006\106\040\014\006\107\006\047\006\314\000\040\006\107\006\105\040\014\006\054\006\107\006\052}{subsection.4.1}% 47
\BOOKMARK [3][-]{subsubsection.4.1.3}{\376\377\006\047\006\053\006\061\000\040\000M\000o\000m\000e\000n\000t\000u\000m\000\040\006\057\006\061\000\040\006\061\006\047\006\063\006\052\006\047\006\314\000\040\006\106\006\110\006\063\006\047\006\106\040\014\006\107\006\047}{subsection.4.1}% 48
\BOOKMARK [2][-]{subsection.4.2}{\376\377\006\050\006\056\006\064\000\040\006\050\000:\000\040\006\047\006\104\006\257\006\110\006\061\006\314\006\052\006\105\000\040\000R\000M\000S\000P\000r\000o\000p}{section.4}% 49
\BOOKMARK [3][-]{subsubsection.4.2.1}{\376\377\006\052\006\101\006\063\006\314\006\061\000\040\006\054\006\105\006\104\006\107\000\040\000s\000t}{subsection.4.2}% 50
\BOOKMARK [3][-]{subsubsection.4.2.2}{\376\377\006\052\006\106\006\070\006\314\006\105\000\040\006\052\006\067\006\050\006\314\006\102\006\314\000\040\006\106\006\061\006\056\000\040\006\314\006\047\006\057\006\257\006\314\006\061\006\314}{subsection.4.2}% 51
\BOOKMARK [3][-]{subsubsection.4.2.3}{\376\377\006\047\006\053\006\061\000\040\000R\000M\000S\000P\000r\000o\000p\000\040\006\057\006\061\000\040\006\057\006\061\006\107\040\014\006\107\006\047\006\314\000\040\006\050\006\047\006\061\006\314\006\251\000\040\006\052\006\047\006\050\006\071\000\040\006\107\006\062\006\314\006\106\006\107}{subsection.4.2}% 52
\BOOKMARK [2][-]{subsection.4.3}{\376\377\006\050\006\056\006\064\000\040\006\054\000:\000\040\006\047\006\104\006\257\006\110\006\061\006\314\006\052\006\105\000\040\000A\000d\000a\000m}{section.4}% 53
\BOOKMARK [3][-]{subsubsection.4.3.1}{\376\377\006\047\006\065\006\104\006\047\006\055\000\040\006\050\006\047\006\314\006\047\006\063\000\040\006\057\006\061\000\040\000A\000d\000a\000m}{subsection.4.3}% 54
\BOOKMARK [3][-]{subsubsection.4.3.2}{\376\377\006\061\006\047\006\050\006\067\006\107\006\124\000\040\006\106\006\107\006\047\006\314\006\314\000\040\006\050\006\107\040\014\006\061\006\110\006\062\006\061\006\063\006\047\006\106\006\314\000\040\006\057\006\061\000\040\000A\000d\000a\000m}{subsection.4.3}% 55
\BOOKMARK [3][-]{subsubsection.4.3.3}{\376\377\006\106\006\102\006\064\000\040\006\047\006\050\006\061\006\176\006\047\006\061\006\047\006\105\006\052\006\061\006\107\006\047\006\314\000\040\000A\000d\000a\000m}{subsection.4.3}% 56
\BOOKMARK [3][-]{subsubsection.4.3.4}{\376\377\006\052\006\072\006\314\006\314\006\061\000\040\006\061\006\101\006\052\006\047\006\061\000\040\006\314\006\047\006\057\006\257\006\314\006\061\006\314\000\040\006\050\006\047\000\040\006\052\006\106\006\070\006\314\006\105\000\040\006\176\006\047\006\061\006\047\006\105\006\052\006\061\006\107\006\047}{subsection.4.3}% 57
\BOOKMARK [3][-]{subsubsection.4.3.5}{\376\377\006\105\006\102\006\047\006\314\006\063\006\107\000\040\000A\000d\000a\000m\000\040\006\050\006\047\000\040\000M\000o\000m\000e\000n\000t\000u\000m\000\040\006\110\000\040\000R\000M\000S\000P\000r\000o\000p}{subsection.4.3}% 58
\BOOKMARK [2][-]{subsection.4.4}{\376\377\006\054\006\105\006\071\040\014\006\050\006\106\006\057\006\314\000\040\006\106\006\107\006\047\006\314\006\314\000\040\006\063\006\110\006\047\006\104\000\040\0004}{section.4}% 59
\BOOKMARK [1][-]{section.5}{\376\377\006\176\006\314\006\064\040\014\006\050\006\314\006\106\006\314\000\040\006\102\006\314\006\105\006\052\000\040\006\105\006\063\006\251\006\106\000\040}{}% 60
\BOOKMARK [2][-]{subsection.5.1}{\376\377\000\050\006\047\006\104\006\101\000\051\000\040\006\050\006\061\006\061\006\063\006\314\000\040\006\047\006\110\006\104\006\314\006\107\000\040\006\057\006\047\006\057\006\107}{section.5}% 61
\BOOKMARK [3][-]{subsubsection.5.1.1}{\376\377\006\050\006\047\006\061\006\257\006\060\006\047\006\061\006\314\000\040\006\057\006\047\006\057\006\107\000\040\006\110\000\040\006\106\006\105\006\047\006\314\006\064\000\040\006\361\006\360\000\040\006\063\006\067\006\061\000\040\006\047\006\110\006\104}{subsection.5.1}% 62
\BOOKMARK [3][-]{subsubsection.5.1.2}{\376\377\006\257\006\062\006\047\006\061\006\064\000\040\006\052\006\071\006\057\006\047\006\057\000\040\006\106\006\105\006\110\006\106\006\107\040\014\006\107\006\047\000\040\006\110\000\040\006\110\006\314\006\230\006\257\006\314\040\014\006\107\006\047}{subsection.5.1}% 63
\BOOKMARK [3][-]{subsubsection.5.1.3}{\376\377\006\050\006\061\006\061\006\063\006\314\000\040\006\063\006\052\006\110\006\106\040\014\006\107\006\047\006\314\000\040\006\057\006\047\006\061\006\047\006\314\000\040\006\105\006\102\006\047\006\057\006\314\006\061\000\040\006\257\006\105\040\014\006\064\006\057\006\107\000\040\000\050\000M\000i\000s\000s\000i\000n\000g\000\040\000V\000a\000l\000u\000e\000s\000\051}{subsection.5.1}% 64
\BOOKMARK [3][-]{subsubsection.5.1.4}{\376\377\006\061\006\063\006\105\000\040\006\107\006\314\006\063\006\052\006\110\006\257\006\061\006\047\006\105\000\040\006\105\006\052\006\072\006\314\006\061\000\040\006\107\006\057\006\101\000\040\006\110\000\040\006\257\006\062\006\047\006\061\006\064\000\040\006\105\006\314\006\047\006\106\006\257\006\314\006\106}{subsection.5.1}% 65
\BOOKMARK [2][-]{subsection.5.2}{\376\377\000\050\006\050\000\051\000\040\006\176\006\314\006\064\040\014\006\176\006\061\006\057\006\047\006\062\006\064\000\040\006\057\006\047\006\057\006\107}{section.5}% 66
\BOOKMARK [3][-]{subsubsection.5.2.1}{\376\377\006\054\006\047\006\314\006\257\006\062\006\314\006\106\006\314\000\040\006\105\006\102\006\047\006\057\006\314\006\061\000\040\006\257\006\105\006\064\006\057\006\107}{subsection.5.2}% 67
\BOOKMARK [3][-]{subsubsection.5.2.2}{\376\377\006\052\006\050\006\057\006\314\006\104\000\040\006\110\006\314\006\230\006\257\006\314\040\014\006\107\006\047\006\314\000\040\006\251\006\314\006\101\006\314\000\040\006\050\006\107\000\040\006\071\006\057\006\057\006\314\000\040\006\050\006\047\000\040\000O\000n\000e\000-\000H\000o\000t\000\040\000E\000n\000c\000o\000d\000i\000n\000g}{subsection.5.2}% 68
\BOOKMARK [3][-]{subsubsection.5.2.3}{\376\377\006\052\006\110\006\066\006\314\006\055\000\040\006\052\006\071\006\057\006\047\006\057\000\040\006\110\006\314\006\230\006\257\006\314\040\014\006\107\006\047\000\040\006\176\006\063\000\040\006\047\006\062\000\040\000E\000n\000c\000o\000d\000i\000n\000g}{subsection.5.2}% 69
\BOOKMARK [3][-]{subsubsection.5.2.4}{\376\377\006\052\006\102\006\063\006\314\006\105\000\040\006\057\006\047\006\057\006\107\040\014\006\107\006\047\000\040\006\050\006\107\000\040\006\042\006\105\006\110\006\062\006\064\000\040\006\110\000\040\006\042\006\062\006\105\006\110\006\106}{subsection.5.2}% 70
\BOOKMARK [3][-]{subsubsection.5.2.5}{\376\377\006\106\006\061\006\105\006\047\006\104\040\014\006\063\006\047\006\062\006\314\000\040\006\110\006\314\006\230\006\257\006\314\040\014\006\107\006\047\000\040\006\050\006\047\000\040\000S\000t\000a\000n\000d\000a\000r\000d\000S\000c\000a\000l\000e\000r}{subsection.5.2}% 71
\BOOKMARK [3][-]{subsubsection.5.2.6}{\376\377\006\054\006\105\006\071\040\014\006\050\006\106\006\057\006\314\000\040\006\176\006\047\006\061\006\052\000\040\006\050}{subsection.5.2}% 72
\BOOKMARK [2][-]{subsection.5.3}{\376\377\000\050\006\176\000\051\000\040\006\105\006\057\006\104\000\040\006\176\006\047\006\314\006\107}{section.5}% 73
\BOOKMARK [3][-]{subsubsection.5.3.1}{\376\377\006\042\006\105\006\110\006\062\006\064\000\040\006\105\006\057\006\104\000\040\000L\000i\000n\000e\000a\000r\000\040\000R\000e\000g\000r\000e\000s\000s\000i\000o\000n}{subsection.5.3}% 74
\BOOKMARK [3][-]{subsubsection.5.3.2}{\376\377\006\257\006\062\006\047\006\061\006\064\000\040\006\105\006\102\006\057\006\047\006\061\000\040\000R\000M\000S\000E\000\040\006\105\006\057\006\104\000\040\006\176\006\047\006\314\006\107}{subsection.5.3}% 75
\BOOKMARK [2][-]{subsection.5.4}{\376\377\000\050\006\052\000\051\000\040\006\067\006\061\006\047\006\055\006\314\000\040\006\105\006\057\006\104\000\040\000M\000L\000P}{section.5}% 76
\BOOKMARK [3][-]{subsubsection.5.4.1}{\376\377\006\063\006\047\006\056\006\052\006\047\006\061\000\040\006\104\006\047\006\314\006\107\040\014\006\107\006\047\006\314\000\040\006\064\006\050\006\251\006\107}{subsection.5.4}% 77
\BOOKMARK [3][-]{subsubsection.5.4.2}{\376\377\006\105\006\055\006\047\006\063\006\050\006\107\000\040\006\176\006\047\006\061\006\047\006\105\006\052\006\061\006\107\006\047\006\314\000\040\006\102\006\047\006\050\006\104\000\040\006\314\006\047\006\057\006\257\006\314\006\061\006\314}{subsection.5.4}% 78
\BOOKMARK [3][-]{subsubsection.5.4.3}{\376\377\006\057\006\104\006\314\006\104\000\040\006\047\006\063\006\052\006\101\006\047\006\057\006\107\000\040\006\047\006\062\000\040\000M\000S\000E\000\040\006\057\006\061\000\040\006\061\006\257\006\061\006\063\006\314\006\110\006\106}{subsection.5.4}% 79
\BOOKMARK [2][-]{subsection.5.5}{\376\377\000\050\006\053\000\051\000\040\006\042\006\105\006\110\006\062\006\064\000\040\006\105\006\057\006\104}{section.5}% 80
\BOOKMARK [3][-]{subsubsection.5.5.1}{\376\377\006\052\006\106\006\070\006\314\006\105\006\047\006\052\000\040\006\042\006\105\006\110\006\062\006\064\000\040\000\050\000C\000o\000m\000p\000i\000l\000e\000\040\006\110\000\040\000F\000i\000t\000\051}{subsection.5.5}% 81
\BOOKMARK [3][-]{subsubsection.5.5.2}{\376\377\006\052\006\055\006\104\006\314\006\104\000\040\006\061\006\110\006\106\006\057\000\040\006\314\006\047\006\057\006\257\006\314\006\061\006\314}{subsection.5.5}% 82
\BOOKMARK [3][-]{subsubsection.5.5.3}{\376\377\006\047\006\061\006\062\006\314\006\047\006\050\006\314\000\040\006\106\006\107\006\047\006\314\006\314\000\040\006\110\000\040\006\105\006\102\006\047\006\314\006\063\006\107\000\040\006\050\006\047\000\040\006\105\006\057\006\104\000\040\006\056\006\067\006\314}{subsection.5.5}% 83
\BOOKMARK [2][-]{subsection.5.6}{\376\377\000\050\006\054\000\051\000\040\006\050\006\061\006\061\006\063\006\314\000\040\006\047\006\050\006\061\006\176\006\047\006\061\006\047\006\105\006\052\006\061\006\107\006\047}{section.5}% 84
\BOOKMARK [3][-]{subsubsection.5.6.1}{\376\377\006\361\000\051\000\040\006\050\006\061\006\061\006\063\006\314\000\040\006\052\006\110\006\047\006\050\006\071\000\040\006\101\006\071\006\047\006\104\040\014\006\063\006\047\006\062\006\314}{subsection.5.6}% 85
\BOOKMARK [3][-]{subsubsection.5.6.2}{\376\377\006\362\000\051\000\040\006\050\006\061\006\061\006\063\006\314\000\040\006\106\006\061\006\056\000\040\006\314\006\047\006\057\006\257\006\314\006\061\006\314}{subsection.5.6}% 86
\BOOKMARK [3][-]{subsubsection.5.6.3}{\376\377\006\363\000\051\000\040\006\050\006\061\006\061\006\063\006\314\000\040\006\105\006\071\006\105\006\047\006\061\006\314\000\040\006\064\006\050\006\251\006\107}{subsection.5.6}% 87
\BOOKMARK [3][-]{subsubsection.5.6.4}{\376\377\006\054\006\105\006\071\040\014\006\050\006\106\006\057\006\314\000\040\006\106\006\107\006\047\006\314\006\314}{subsection.5.6}% 88
\BOOKMARK [2][-]{subsection.5.7}{\376\377\000\050\006\206\000\051\000\040\006\052\006\055\006\104\006\314\006\104\000\040\006\056\006\067\006\047\006\107\006\047\006\314\000\040\006\105\006\057\006\104}{section.5}% 89
\BOOKMARK [3][-]{subsubsection.5.7.1}{\376\377\006\047\006\063\006\052\006\056\006\061\006\047\006\054\000\040\006\106\006\105\006\110\006\106\006\107\040\014\006\107\006\047\006\314\000\040\006\057\006\047\006\061\006\047\006\314\000\040\006\050\006\314\006\064\006\052\006\061\006\314\006\106\000\040\006\056\006\067\006\047}{subsection.5.7}% 90
\BOOKMARK [3][-]{subsubsection.5.7.2}{\376\377\006\054\006\057\006\110\006\104\000\040\006\106\006\105\006\110\006\106\006\107\040\014\006\107\006\047\006\314\000\040\006\057\006\047\006\061\006\047\006\314\000\040\006\050\006\314\006\064\006\052\006\061\006\314\006\106\000\040\006\056\006\067\006\047}{subsection.5.7}% 91
\BOOKMARK [3][-]{subsubsection.5.7.3}{\376\377\006\050\006\061\006\061\006\063\006\314\000\040\006\110\006\314\006\230\006\257\006\314\040\014\006\107\006\047\006\314\000\040\006\105\006\044\006\053\006\061\000\040\006\050\006\061\000\040\006\056\006\067\006\047}{subsection.5.7}% 92
\BOOKMARK [3][-]{subsubsection.5.7.4}{\376\377\006\052\006\055\006\104\006\314\006\104\000\040\006\106\006\107\006\047\006\314\006\314}{subsection.5.7}% 93
\BOOKMARK [1][-]{section.6}{\376\377\006\176\006\314\006\047\006\057\006\107\040\014\006\063\006\047\006\062\006\314\000\040\006\064\006\050\006\251\006\107\000\040\006\071\006\065\006\050\006\314\000\040\006\206\006\106\006\057\006\104\006\047\006\314\006\107\000\040\006\050\006\061\006\047\006\314\000\040\006\067\006\050\006\102\006\107\040\014\006\050\006\106\006\057\006\314\000\040\000M\000N\000I\000S\000T}{}% 94
\BOOKMARK [2][-]{subsection.6.1}{\376\377\000\050\006\047\006\104\006\101\000\051\000\040\006\050\006\047\006\061\006\257\006\060\006\047\006\061\006\314\000\040\006\110\000\040\006\042\006\105\006\047\006\057\006\107\040\014\006\063\006\047\006\062\006\314\000\040\006\057\006\047\006\057\006\107\040\014\006\107\006\047}{section.6}% 95
\BOOKMARK [3][-]{subsubsection.6.1.1}{\376\377\006\050\006\047\006\061\006\257\006\060\006\047\006\061\006\314\000\040\006\105\006\054\006\105\006\110\006\071\006\107\040\014\006\057\006\047\006\057\006\107\000\040\000M\000N\000I\000S\000T}{subsection.6.1}% 96
\BOOKMARK [3][-]{subsubsection.6.1.2}{\376\377\006\176\006\314\006\064\040\014\006\176\006\061\006\057\006\047\006\062\006\064\000\040\006\052\006\065\006\047\006\110\006\314\006\061\000\040\006\110\000\040\006\050\006\061\006\206\006\063\006\050\040\014\006\107\006\047}{subsection.6.1}% 97
\BOOKMARK [2][-]{subsection.6.2}{\376\377\000\050\006\050\000\051\000\040\006\067\006\061\006\047\006\055\006\314\000\040\006\064\006\050\006\251\006\107\000\040\006\071\006\065\006\050\006\314\000\040\006\050\006\061\006\047\006\314\000\040\006\067\006\050\006\102\006\107\040\014\006\050\006\106\006\057\006\314}{section.6}% 98
\BOOKMARK [3][-]{subsubsection.6.2.1}{\376\377\006\067\006\061\006\047\006\055\006\314\000\040\006\063\006\047\006\056\006\052\006\047\006\061\000\040\006\251\006\104\006\314\000\040\006\064\006\050\006\251\006\107}{subsection.6.2}% 99
\BOOKMARK [3][-]{subsubsection.6.2.2}{\376\377\006\052\006\047\006\050\006\071\000\040\006\101\006\071\006\047\006\104\040\014\006\063\006\047\006\062\006\314\000\040\000S\000o\000f\000t\000m\000a\000x}{subsection.6.2}% 100
\BOOKMARK [3][-]{subsubsection.6.2.3}{\376\377\006\052\006\047\006\050\006\071\000\040\006\062\006\314\006\047\006\106\000\040\000C\000r\000o\000s\000s\000-\000E\000n\000t\000r\000o\000p\000y\000\040\006\057\006\061\000\040\006\050\006\061\006\047\006\050\006\061\000\040\000M\000S\000E}{subsection.6.2}% 101
\BOOKMARK [3][-]{subsubsection.6.2.4}{\376\377\006\105\006\055\006\047\006\063\006\050\006\107\000\040\006\052\006\071\006\057\006\047\006\057\000\040\006\176\006\047\006\061\006\047\006\105\006\052\006\061\006\107\006\047}{subsection.6.2}% 102
\BOOKMARK [2][-]{subsection.6.3}{\376\377\000\050\006\176\000\051\000\040\006\042\006\105\006\110\006\062\006\064\000\040\006\105\006\057\006\104}{section.6}% 103
\BOOKMARK [3][-]{subsubsection.6.3.1}{\376\377\006\251\006\047\006\105\006\176\006\047\006\314\006\104\000\040\006\105\006\057\006\104\000\040\006\050\006\047\000\040\000A\000d\000a\000m}{subsection.6.3}% 104
\BOOKMARK [3][-]{subsubsection.6.3.2}{\376\377\006\052\006\110\006\066\006\314\006\055\000\040\006\061\006\110\006\106\006\057\000\040\006\042\006\105\006\110\006\062\006\064}{subsection.6.3}% 105
\BOOKMARK [2][-]{subsection.6.4}{\376\377\000\050\006\052\000\051\000\040\006\047\006\061\006\062\006\314\006\047\006\050\006\314\000\040\006\105\006\057\006\104}{section.6}% 106
\BOOKMARK [3][-]{subsubsection.6.4.1}{\376\377\006\105\006\055\006\047\006\063\006\050\006\107\000\040\006\057\006\102\006\052\000\040\006\061\006\110\006\314\000\040\006\057\006\047\006\057\006\107\040\014\006\107\006\047\006\314\000\040\006\042\006\062\006\105\006\110\006\106}{subsection.6.4}% 107
\BOOKMARK [3][-]{subsubsection.6.4.2}{\376\377\006\105\006\047\006\052\006\061\006\314\006\063\000\040\006\057\006\061\006\107\006\105\040\014\006\061\006\314\006\056\006\052\006\257\006\314}{subsection.6.4}% 108
\BOOKMARK [3][-]{subsubsection.6.4.3}{\376\377\006\052\006\055\006\104\006\314\006\104\000\040\006\056\006\067\006\047\006\107\006\047}{subsection.6.4}% 109
\BOOKMARK [2][-]{subsection.6.5}{\376\377\000\050\006\053\000\051\000\040\006\050\006\061\006\061\006\063\006\314\000\040\006\105\006\102\006\047\006\057\006\314\006\061\000\040\006\047\006\110\006\104\006\314\006\107\000\040\006\110\006\062\006\106\040\014\006\107\006\047}{section.6}% 110
\BOOKMARK [3][-]{subsubsection.6.5.1}{\376\377\006\047\006\053\006\061\000\040\006\105\006\102\006\057\006\047\006\061\006\057\006\107\006\314\000\040\006\047\006\110\006\104\006\314\006\107\000\040\006\052\006\065\006\047\006\057\006\101\006\314}{subsection.6.5}% 111
\BOOKMARK [3][-]{subsubsection.6.5.2}{\376\377\006\105\006\102\006\047\006\314\006\063\006\107\000\040\006\050\006\047\000\040\006\105\006\102\006\057\006\047\006\061\006\057\006\107\006\314\000\040\006\047\006\110\006\104\006\314\006\107\000\040\000X\000a\000v\000i\000e\000r\000\040\000\050\000G\000l\000o\000r\000o\000t\000\051}{subsection.6.5}% 112
\BOOKMARK [2][-]{subsection.6.6}{\376\377\000\050\006\054\000\051\000\040\006\050\006\061\006\061\006\063\006\314\000\040\006\047\006\106\006\057\006\047\006\062\006\107\000\040\000B\000a\000t\000c\000h}{section.6}% 113
\BOOKMARK [3][-]{subsubsection.6.6.1}{\376\377\006\042\006\062\006\105\006\047\006\314\006\064\000\040\006\050\006\047\000\040\006\047\006\106\006\057\006\047\006\062\006\107\040\014\006\107\006\047\006\314\000\040\006\105\006\056\006\052\006\104\006\101\000\040\000B\000a\000t\000c\000h}{subsection.6.6}% 114
\BOOKMARK [3][-]{subsubsection.6.6.2}{\376\377\006\052\006\055\006\104\006\314\006\104\000\040\006\052\006\043\006\053\006\314\006\061\000\040\000B\000a\000t\000c\000h\000\040\000S\000i\000z\000e}{subsection.6.6}% 115
\BOOKMARK [2][-]{subsection.6.7}{\376\377\000\050\006\206\000\051\000\040\006\047\006\101\006\062\006\047\006\314\006\064\000\040\006\071\006\105\006\102\000\040\006\064\006\050\006\251\006\107}{section.6}% 116
\BOOKMARK [3][-]{subsubsection.6.7.1}{\376\377\006\105\006\057\006\104\000\040\006\050\006\047\000\040\006\104\006\047\006\314\006\107\000\040\006\176\006\106\006\107\006\047\006\106\000\040\006\050\006\314\006\064\006\052\006\061}{subsection.6.7}% 117
\BOOKMARK [3][-]{subsubsection.6.7.2}{\376\377\006\052\006\055\006\104\006\314\006\104\000\040\006\047\006\314\006\106\006\251\006\107\000\040\006\042\006\314\006\047\000\040\006\105\006\057\006\104\000\040\006\071\006\105\006\314\006\102\040\014\006\052\006\061\000\040\006\050\006\107\006\052\006\061\000\040\006\047\006\063\006\052\000\040\006\314\006\047\000\040\006\106\006\107}{subsection.6.7}% 118
\BOOKMARK [2][-]{subsection.6.8}{\376\377\000\050\006\055\000\051\000\040\006\105\006\055\006\057\006\110\006\057\006\314\006\052\040\014\006\107\006\047\006\314\000\040\000M\000L\000P\000\040\006\057\006\061\000\040\006\176\006\061\006\057\006\047\006\062\006\064\000\040\006\052\006\065\006\110\006\314\006\061}{section.6}% 119
\BOOKMARK [3][-]{subsubsection.6.8.1}{\376\377\006\206\006\061\006\047\000\040\000F\000l\000a\000t\000t\000e\000n\000\040\006\104\006\047\006\062\006\105\000\040\006\047\006\063\006\052\006\037}{subsection.6.8}% 120
\BOOKMARK [3][-]{subsubsection.6.8.2}{\376\377\006\105\006\102\006\047\006\314\006\063\006\107\000\040\006\050\006\047\000\040\006\064\006\050\006\251\006\107\040\014\006\107\006\047\006\314\000\040\006\251\006\047\006\106\006\110\006\104\006\110\006\064\006\106\006\314\000\040\000C\000N\000N}{subsection.6.8}% 121
\BOOKMARK [3][-]{subsubsection.6.8.3}{\376\377\006\054\006\105\006\071\040\014\006\050\006\106\006\057\006\314\000\040\006\106\006\107\006\047\006\314\006\314\000\040\006\105\006\055\006\057\006\110\006\057\006\314\006\052\040\014\006\107\006\047}{subsection.6.8}% 122
